T7062745neg.java:16:36: compiler.err.prob.found.req: (compiler.misc.incompatible.types), java.lang.Object, java.lang.Number
1 error
