T6862608a.java:19:41: compiler.err.invalid.inferred.types: T, (compiler.misc.no.conforming.assignment.exists: java.util.List<java.util.Comparator<?>>, java.lang.Iterable<? extends java.util.Comparator<? super java.lang.String>>)
- compiler.misc.where.description.typevar: T,{(compiler.misc.where.typevar: T, java.lang.Object, kindname.method, <T>compound(java.lang.Iterable<? extends java.util.Comparator<? super T>>))}
1 error
